// Jest Snapshot v1, https://goo.gl/fbAQLP

exports[`chartData Duck Tests Action Generator clearChartData should match the snapshot 1`] = `
Object {
  "type": "modules/weather-app/CLEAR_CHART_DATA",
}
`;

exports[`chartData Duck Tests Action Generator setChartData should match the snapshot 1`] = `
Object {
  "data": Array [
    Object {
      "mockVariable": "mockValue",
    },
  ],
  "type": "modules/weather-app/SET_CHART_DATA",
}
`;
