// Jest Snapshot v1, https://goo.gl/fbAQLP

exports[`weatherData Duck Tests Action Generator clearWeatherData should match the snapshot 1`] = `
Object {
  "type": "modules/weather-app/CLEAR_WEATHER_DATA",
}
`;

exports[`weatherData Duck Tests Action Generator setWeatherData should match the snapshot 1`] = `
Object {
  "data": Object {
    "mockVariable": "mockValue",
  },
  "type": "modules/weather-app/SET_WEATHER_DATA",
}
`;
